###############################################################################
#
# IAR ELF Linker V7.50.3.10732/W32 for ARM                25/Sep/2017  11:34:28
# Copyright 2007-2016 IAR Systems AB.
#
#    Output file  =  bin\pbcc1sc1_ia.elf
#    Map file     =  bin/pbcc1sc1_ia.map
#    Command line =  
#        --no_wrap_diagnostics --skip_dynamic_initialization -L
#        D:/IAR_Systems/Embedded_Workbench_7.3/arm/arm/lib --config
#        obj\memory.icf --map bin/pbcc1sc1_ia.map obj\pbcc1sc1_cfg.o
#        obj\pbcc1.o obj\SystemInit.o obj\Os_ioc.o obj\Os_schedule_table.o
#        obj\Os_event.o obj\Os_counter.o obj\Os_orti.o obj\Os_task.o
#        obj\Os_tp.o obj\Os_scheduler.o obj\Os_platform_interrupt.o
#        obj\Os_hw_core.o obj\Os_error.o obj\Os_resource.o obj\Os_isr.o
#        obj\Os_stack.o obj\Os_alarm.o obj\Os_setup.o obj\Os_mem.o
#        obj\Os_multicore.o obj\Os_application.o obj\vector_iar.o
#        obj\startup_iar.o -o bin\pbcc1sc1_ia.elf
#
###############################################################################

*******************************************************************************
*** RUNTIME MODEL ATTRIBUTES
***

CppFlavor       = *
__SystemLibrary = DLib


*******************************************************************************
*** PLACEMENT SUMMARY
***

"A1":  place at start of [0x1fffc000-0x20002fff] { section .vector };
"P1":  place in [from 0x1fffc000 to 0x20002fff] { ro };
"P2":  place in [from 0x1fffc000 to 0x20002fff] { rw, block CSTACK };

  Section            Kind        Address    Size  Object
  -------            ----        -------    ----  ------
"A1":                                      0x2c0
  .vector            ro code  0x1fffc000   0x2c0  vector_iar.o [1]
                            - 0x1fffc2c0   0x2c0

"P1":                                     0x1924
  .text              ro code  0x1fffc2c0   0x4d0  pbcc1.o [1]
  .text              ro code  0x1fffc790   0x1cc  SystemInit.o [1]
  .ostext            ro code  0x1fffc95c    0x7c  Os_setup.o [1]
  .ostext            ro code  0x1fffc9d8   0x408  Os_alarm.o [1]
  .ostext            ro code  0x1fffcde0   0x1f0  Os_schedule_table.o [1]
  .ostext            ro code  0x1fffcfd0   0x11c  Os_task.o [1]
  .ostext            ro code  0x1fffd0ec     0xe  pbcc1.o [1]
  .text              ro code  0x1fffd0fa     0x2  vector_table_M.o [5]
  .ostext            ro code  0x1fffd0fc   0x1ec  Os_isr.o [1]
  .ostext            ro code  0x1fffd2e8    0xf8  Os_counter.o [1]
  .ostext            ro code  0x1fffd3e0    0xd8  Os_scheduler.o [1]
  .ostext            ro code  0x1fffd4b8   0x138  Os_platform_interrupt.o [1]
  .ostext            ro code  0x1fffd5f0   0x164  Os_hw_core.o [1]
  .ostext            ro code  0x1fffd754     0x6  Os_mem.o [1]
  .rodata            const    0x1fffd75c   0x2a8  pbcc1sc1_cfg.o [1]
  .startup           ro code  0x1fffda04    0x78  startup_iar.o [1]
  .intvec            ro code  0x1fffda7c    0x40  vector_table_M.o [5]
  .text              ro code  0x1fffdabc    0x40  zero_init3.o [5]
  .text              ro code  0x1fffdafc    0x2c  copy_init3.o [5]
  .text              ro code  0x1fffdb28    0x28  data_init.o [5]
  .text              ro code  0x1fffdb50    0x22  fpinit_M.o [4]
  .iar.init_table    const    0x1fffdb74    0x24  - Linker created -
  .text              ro code  0x1fffdb98    0x1a  cmain.o [5]
  .text              ro code  0x1fffdbb2     0x4  low_level_init.o [3]
  .text              ro code  0x1fffdbb6     0x4  exit.o [3]
  .text              ro code  0x1fffdbbc     0xa  cexit.o [5]
  .text              ro code  0x1fffdbc8     0xc  XXexit.o [5]
  .text              ro code  0x1fffdbd4     0xc  cstartup_M.o [5]
  Initializer bytes  const    0x1fffdbe0     0x4  <for P2-1>
  .rodata            const    0x1fffdbe4     0x0  zero_init3.o [5]
  .rodata            const    0x1fffdbe4     0x0  copy_init3.o [5]
                            - 0x1fffdbe4  0x1924

"P2", part 1 of 3:                           0x4
  P2-1                        0x1fffdbe4     0x4  <Init block>
    .data            inited   0x1fffdbe4     0x4  SystemInit.o [1]
                            - 0x1fffdbe8     0x4

"P2", part 2 of 3:                        0x1000
  CSTACK                      0x1fffdbe8  0x1000  <Block>
    CSTACK           uninit   0x1fffdbe8  0x1000  <Block tail>
                            - 0x1fffebe8  0x1000

"P2", part 3 of 3:                         0x378
  .bss               zero     0x1fffebe8   0x144  Os_task.o [1]
  .bss               zero     0x1fffed2c    0xca  Os_alarm.o [1]
  .bss               zero     0x1fffedf8    0x84  Os_platform_interrupt.o [1]
  .bss               zero     0x1fffee7c    0x64  pbcc1.o [1]
  .bss               zero     0x1fffeee0    0x4c  Os_isr.o [1]
  .bss               zero     0x1fffef2c    0x18  Os_schedule_table.o [1]
  .bss               zero     0x1fffef44    0x10  Os_counter.o [1]
  .bss               zero     0x1fffef54     0x8  Os_scheduler.o [1]
  .bss               zero     0x1fffef5c     0x4  Os_isr.o [1]
                            - 0x1fffef60   0x378


*******************************************************************************
*** INIT TABLE
***

          Address     Size
          -------     ----
Zero (__iar_zero_init3)
    1 destination range, total size 0x378:
          0x1fffebe8  0x378

Copy (__iar_copy_init3)
    1 source range, total size 0x4:
          0x1fffdbe0    0x4
    1 destination range, total size 0x4:
          0x1fffdbe4    0x4



*******************************************************************************
*** MODULE SUMMARY
***

    Module                   ro code  ro data  rw data
    ------                   -------  -------  -------
D:\AutosarOS\REPO\S32K_benchmark\Jira\FPU\release__oss32kv4\benchmark\performance\bcc1\sc1\obj: [1]
    Os_alarm.o                 1 032               202
    Os_counter.o                 248                16
    Os_hw_core.o                 356
    Os_isr.o                     492                80
    Os_mem.o                       6
    Os_platform_interrupt.o      312               132
    Os_schedule_table.o          496                24
    Os_scheduler.o               216                 8
    Os_setup.o                   124
    Os_task.o                    284               324
    SystemInit.o                 460        4        4
    pbcc1.o                    1 246               100
    pbcc1sc1_cfg.o                        680
    startup_iar.o                120
    vector_iar.o                 704
    --------------------------------------------------
    Total:                     6 096      684      890

command line: [2]
    --------------------------------------------------
    Total:

dl7M_tln.a: [3]
    exit.o                         4
    low_level_init.o               4
    --------------------------------------------------
    Total:                         8

m7M_tls.a: [4]
    fpinit_M.o                    34
    --------------------------------------------------
    Total:                        34

rt7M_tl.a: [5]
    XXexit.o                      12
    cexit.o                       10
    cmain.o                       26
    copy_init3.o                  44
    cstartup_M.o                  12
    data_init.o                   40
    vector_table_M.o              66
    zero_init3.o                  64
    --------------------------------------------------
    Total:                       274

    Gaps                           4        4        2
    Linker created                         36    4 096
------------------------------------------------------
    Grand Total:               6 416      724    4 988


*******************************************************************************
*** ENTRY LIST
***

Entry                      Address   Size  Type      Object
-----                      -------   ----  ----      ------
.iar.init_table$$Base   0x1fffdb74          --   Gb  - Linker created -
.iar.init_table$$Limit  0x1fffdb98          --   Gb  - Linker created -
?main                   0x1fffdb99         Code  Gb  cmain.o [5]
CSTACK$$Base            0x1fffdbe8          --   Gb  - Linker created -
CSTACK$$Limit           0x1fffebe8          --   Gb  - Linker created -
FuncTASK_1              0x1fffc4eb   0x44  Code  Gb  pbcc1.o [1]
FuncTASK_2              0x1fffc52f   0x1e  Code  Gb  pbcc1.o [1]
FuncTASK_ALM            0x1fffc5b9   0x1e  Code  Gb  pbcc1.o [1]
FuncTASK_BGND           0x1fffc32d  0x178  Code  Gb  pbcc1.o [1]
FuncTASK_h1             0x1fffc5d7   0x1e  Code  Gb  pbcc1.o [1]
FuncTASK_h2             0x1fffc5f5    0x4  Code  Gb  pbcc1.o [1]
FuncTASK_h3             0x1fffc5f9    0x4  Code  Gb  pbcc1.o [1]
FuncTASK_h4             0x1fffc5fd   0x1e  Code  Gb  pbcc1.o [1]
FuncTASK_h5             0x1fffc61b    0x4  Code  Gb  pbcc1.o [1]
FuncTASK_h6             0x1fffc61f    0x4  Code  Gb  pbcc1.o [1]
FuncTASK_h7             0x1fffc623    0x4  Code  Gb  pbcc1.o [1]
FuncTASK_h8             0x1fffc627   0x1e  Code  Gb  pbcc1.o [1]
FuncTASK_t1             0x1fffc6b5   0x1e  Code  Gb  pbcc1.o [1]
FuncTASK_t2             0x1fffc6d3   0x22  Code  Gb  pbcc1.o [1]
FuncTASK_t3             0x1fffc6f5   0x1e  Code  Gb  pbcc1.o [1]
FuncTASK_t4             0x1fffc713   0x1e  Code  Gb  pbcc1.o [1]
FuncTASK_t5             0x1fffc731    0x4  Code  Gb  pbcc1.o [1]
FuncTASK_t6             0x1fffc735    0x4  Code  Gb  pbcc1.o [1]
FuncTASK_t7             0x1fffc739   0x1e  Code  Gb  pbcc1.o [1]
MAIN_STACK$$Limit       0x00000000          --   Gb  - Linker created -
OSArmDeactivateIsr      0x1fffd6f9   0x5c  Code  Gb  Os_hw_core.o [1]
OSBusFaultException     0x1fffd6b3   0x16  Code  Gb  Os_hw_core.o [1]
OSCheckAlarms           0x1fffcb39   0xca  Code  Gb  Os_alarm.o [1]
OSCounterNotify         0x1fffca05  0x134  Code  Gb  Os_alarm.o [1]
OSDebugMonitorException
                        0x1fffd6e9    0x6  Code  Gb  Os_hw_core.o [1]
OSExceptionError        0x1fffd755    0x6  Code  Gb  Os_mem.o [1]
OSHardFaultException    0x1fffd6ab    0x8  Code  Gb  Os_hw_core.o [1]
OSISRException          0x1fffd0fd    0x6  Code  Gb  Os_isr.o [1]
OSISRSetPrio            0x1fffd0ed    0xe  Code  Lc  pbcc1.o [1]
OSISRSystemTimer        0x1fffd331   0x4a  Code  Gb  Os_counter.o [1]
OSInitAlarms            0x1fffcc73   0x70  Code  Gb  Os_alarm.o [1]
OSInitCounters          0x1fffd2e9    0xe  Code  Gb  Os_counter.o [1]
OSInitScheduleTables    0x1fffcde1   0x38  Code  Gb  Os_schedule_table.o [1]
OSInitSystemTimer       0x1fffd3af   0x22  Code  Gb  Os_counter.o [1]
OSInitTasks             0x1fffd071   0x68  Code  Gb  Os_task.o [1]
OSInitializeISR         0x1fffd105   0x6e  Code  Gb  Os_isr.o [1]
OSInsertAlarm           0x1fffcc03   0x70  Code  Gb  Os_alarm.o [1]
OSInterruptDispatcher   0x1fffd5f1   0x34  Code  Gb  Os_hw_core.o [1]
OSInterruptDispatcher1  0x1fffd19d   0xd2  Code  Gb  Os_isr.o [1]
OSLeaveISR              0x1fffd271   0x4e  Code  Lc  Os_isr.o [1]
OSLongJmp               0x1fffd679   0x2a  Code  Gb  Os_hw_core.o [1]
OSNmiException          0x1fffd6a3    0x8  Code  Gb  Os_hw_core.o [1]
OSNotifyAlarmAction     0x1fffc9d9   0x2c  Code  Gb  Os_alarm.o [1]
OSPendSVException       0x1fffd625   0x26  Code  Gb  Os_hw_core.o [1]
OSPlatformIntcInit      0x1fffd4b9   0xc6  Code  Gb  Os_platform_interrupt.o [1]
OSPlatformIntcShutdown  0x1fffd581   0x50  Code  Gb  Os_platform_interrupt.o [1]
OSProcessScheduleTable  0x1fffce19   0xa6  Code  Gb  Os_schedule_table.o [1]
OSReservedException     0x1fffd6ef    0x8  Code  Gb  Os_hw_core.o [1]
OSSVCallException       0x1fffd6e1    0x8  Code  Gb  Os_hw_core.o [1]
OSScheduleTable1_actions
                        0x1fffd9a0   0x54  Data  Lc  pbcc1sc1_cfg.o [1]
OSSetJmp                0x1fffd64d   0x2a  Code  Gb  Os_hw_core.o [1]
OSShutdownOS            0x1fffc9c5   0x14  Code  Gb  Os_setup.o [1]
OSStartTimers           0x1fffd397   0x18  Code  Gb  Os_counter.o [1]
OSStopTimers            0x1fffd37b   0x1c  Code  Gb  Os_counter.o [1]
OSSysTimerArm           0x1fffd30b   0x26  Code  Gb  Os_counter.o [1]
OSSysTimerCancel        0x1fffd2f7   0x14  Code  Gb  Os_counter.o [1]
OSTaskForceDispatch     0x1fffd431   0x38  Code  Gb  Os_scheduler.o [1]
OSTaskInternalDispatch  0x1fffd3e1   0x50  Code  Gb  Os_scheduler.o [1]
OSTaskTerminateDispatch
                        0x1fffd469   0x44  Code  Gb  Os_scheduler.o [1]
OSTrustedISR2           0x1fffd175   0x26  Code  Lc  Os_isr.o [1]
OSUsageFaultException   0x1fffd6d9    0x8  Code  Gb  Os_hw_core.o [1]
OS_ActivateTask         0x1fffcfd1   0x88  Code  Gb  Os_task.o [1]
OS_SetRelAlarm          0x1fffcce5   0xd8  Code  Gb  Os_alarm.o [1]
OS_StartScheduleTableRel
                        0x1fffcec1   0xe0  Code  Gb  Os_schedule_table.o [1]
OS_TaskListHead_        0x1fffef58    0x4  Data  Gb  Os_scheduler.o [1]
OS_TerminateTask        0x1fffd059   0x18  Code  Gb  Os_task.o [1]
OS_isr_OneTaskISR       0x1fffc4a5   0x46  Code  Gb  pbcc1.o [1]
OS_isr_SecondTimerISR   0x1fffc551   0x68  Code  Gb  pbcc1.o [1]
OsAlarmsCfg             0x1fffd96c   0x24  Data  Gb  pbcc1sc1_cfg.o [1]
OsAllAlarms             0x1fffed2c   0xc8  Data  Gb  Os_alarm.o [1]
OsCounters              0x1fffef44   0x10  Data  Gb  Os_counter.o [1]
OsCountersCfg           0x1fffd990   0x10  Data  Gb  pbcc1sc1_cfg.o [1]
OsInitialMSR_           0x1fffef5c    0x4  Data  Gb  Os_isr.o [1]
OsIsr                   0x1fffd824  0x148  Data  Gb  pbcc1sc1_cfg.o [1]
OsIsrArray              0x1fffef14    0xc  Data  Gb  Os_isr.o [1]
OsIsrCfg                0x1fffd7f4   0x30  Data  Gb  pbcc1sc1_cfg.o [1]
OsIsrLevel_             0x1fffef28    0x4  Data  Gb  Os_isr.o [1]
OsIsrTable              0x1fffeee0   0x30  Data  Gb  Os_isr.o [1]
OsOldIntMaskAll_        0x1fffef20    0x4  Data  Gb  Os_isr.o [1]
OsOldInterruptMask_     0x1fffef24    0x4  Data  Gb  Os_isr.o [1]
OsRunning_              0x1fffed28    0x4  Data  Gb  Os_task.o [1]
OsScheduleTables        0x1fffef2c   0x18  Data  Gb  Os_schedule_table.o [1]
OsScheduleTablesCfg     0x1fffd9f4   0x10  Data  Gb  pbcc1sc1_cfg.o [1]
OsSchedulerVector1_     0x1fffef54    0x4  Data  Gb  Os_scheduler.o [1]
OsSuspendLevelAll_      0x1fffef10    0x1  Data  Gb  Os_isr.o [1]
OsSuspendLevel_         0x1fffef11    0x1  Data  Gb  Os_isr.o [1]
OsTaskCfgTable          0x1fffd75c   0x98  Data  Gb  pbcc1sc1_cfg.o [1]
OsTaskTable             0x1fffebe8  0x140  Data  Gb  Os_task.o [1]
OsTimVal_               0x1fffedf4    0x2  Data  Gb  Os_alarm.o [1]
Os_ArmNvicNestingLevel_
                        0x1fffee78    0x4  Data  Gb  Os_platform_interrupt.o [1]
Os_ArmSavedIRQCtx_      0x1fffedf8   0x80  Data  Gb  Os_platform_interrupt.o [1]
Region$$Table$$Base     0x1fffdb74          --   Gb  - Linker created -
Region$$Table$$Limit    0x1fffdb98          --   Gb  - Linker created -
Reset_Handler           0x1fffda05         Code  Gb  startup_iar.o [1]
SCB                     0x1fffdbe4    0x4  Data  Gb  SystemInit.o [1]
SetBenchmarkPLL         0x1fffc861   0xd8  Code  Gb  SystemInit.o [1]
StartOS                 0x1fffc95d   0x5c  Code  Gb  Os_setup.o [1]
SystemInit              0x1fffc791   0xd0  Code  Gb  SystemInit.o [1]
SystemTimerISR          0x1fffc645   0x70  Code  Gb  pbcc1.o [1]
VTABLE                  0x1fffc000         Data  Gb  vector_iar.o [1]
__cmain                 0x1fffdb99         Code  Gb  cmain.o [5]
__exit                  0x1fffdbc9         Code  Gb  XXexit.o [5]
__iar_copy_init3        0x1fffdafd   0x2c  Code  Gb  copy_init3.o [5]
__iar_data_init3        0x1fffdb29   0x28  Code  Gb  data_init.o [5]
__iar_init_vfp          0x1fffdb51         Code  Gb  fpinit_M.o [4]
__iar_program_start     0x1fffdbd5         Code  Gb  cstartup_M.o [5]
__iar_zero_init3        0x1fffdabd   0x40  Code  Gb  zero_init3.o [5]
__low_level_init        0x1fffdbb3    0x4  Code  Gb  low_level_init.o [3]
__vector_table          0x1fffda7c         Data  Gb  vector_table_M.o [5]
_call_main              0x1fffdba5         Code  Gb  cmain.o [5]
_exit                   0x1fffdbbd         Code  Gb  cexit.o [5]
_main                   0x1fffdbaf         Code  Gb  cmain.o [5]
activateTask1FromIsr    0x1fffee90    0x4  Data  Gb  pbcc1.o [1]
activateTaskA1ViaAlarm  0x1fffeea0    0x4  Data  Gb  pbcc1.o [1]
activated1Task          0x1fffeea8    0x4  Data  Gb  pbcc1.o [1]
activated4Tasks         0x1fffeeac    0x4  Data  Gb  pbcc1.o [1]
exit                    0x1fffdbb7    0x4  Code  Gb  exit.o [3]
expired1Alarm           0x1fffeec0    0x4  Data  Gb  pbcc1.o [1]
expired4Alarms          0x1fffeec4    0x4  Data  Gb  pbcc1.o [1]
expired8Alarms          0x1fffeec8    0x4  Data  Gb  pbcc1.o [1]
fromActivateToTask2     0x1fffee98    0x4  Data  Gb  pbcc1.o [1]
fromIsrToTask1          0x1fffee94    0x4  Data  Gb  pbcc1.o [1]
fromIsrToTaskT1         0x1fffeeb0    0x4  Data  Gb  pbcc1.o [1]
fromIsrToTaskT2         0x1fffeeb4    0x4  Data  Gb  pbcc1.o [1]
fromIsrToTaskT3         0x1fffeeb8    0x4  Data  Gb  pbcc1.o [1]
fromIsrToTaskT7         0x1fffeebc    0x4  Data  Gb  pbcc1.o [1]
fromLeaveIsrToTaskH1    0x1fffeecc    0x4  Data  Gb  pbcc1.o [1]
fromSecondTimerIsrToTaskA1
                        0x1fffeea4    0x4  Data  Gb  pbcc1.o [1]
fromTaskH1ToTaskH4      0x1fffeed8    0x4  Data  Gb  pbcc1.o [1]
fromTaskH4ToTaskH8      0x1fffeedc    0x4  Data  Gb  pbcc1.o [1]
fromTaskT7ToTaskT4      0x1fffeed4    0x4  Data  Gb  pbcc1.o [1]
fromTeriminateToTask1   0x1fffeed0    0x4  Data  Gb  pbcc1.o [1]
inTime                  0x1fffee7c    0x4  Data  Gb  pbcc1.o [1]
interruptLatency        0x1fffee8c    0x4  Data  Gb  pbcc1.o [1]
main                    0x1fffc2c1   0x6c  Code  Gb  pbcc1.o [1]
pfm1                    0x1fffee80    0x4  Data  Gb  pbcc1.o [1]
returnToBackGroundTask  0x1fffee9c    0x4  Data  Gb  pbcc1.o [1]
secondTimerIsrTime      0x1fffee88    0x4  Data  Gb  pbcc1.o [1]
systemTimerIsrTime      0x1fffee84    0x4  Data  Gb  pbcc1.o [1]


[1] = D:\AutosarOS\REPO\S32K_benchmark\Jira\FPU\release__oss32kv4\benchmark\performance\bcc1\sc1\obj
[2] = command line
[3] = dl7M_tln.a
[4] = m7M_tls.a
[5] = rt7M_tl.a

  6 416 bytes of readonly  code memory
    724 bytes of readonly  data memory
  4 988 bytes of readwrite data memory

Errors: none
Warnings: none
