
Discarded input sections

 .group         0x00000000        0x8 obj\pbcc1sc1_cfg.o
 .group         0x00000000        0x8 obj\pbcc1sc1_cfg.o
 .group         0x00000000        0x8 obj\pbcc1sc1_cfg.o
 .group         0x00000000        0x8 obj\pbcc1sc1_cfg.o
 .group         0x00000000        0x8 obj\pbcc1sc1_cfg.o
 .group         0x00000000        0x8 obj\pbcc1sc1_cfg.o
 .group         0x00000000        0x8 obj\pbcc1sc1_cfg.o
 .group         0x00000000        0x8 obj\pbcc1sc1_cfg.o
 .group         0x00000000        0x8 obj\pbcc1sc1_cfg.o
 .group         0x00000000        0x8 obj\pbcc1sc1_cfg.o
 .group         0x00000000        0x8 obj\pbcc1sc1_cfg.o
 .group         0x00000000        0x8 obj\pbcc1sc1_cfg.o
 .group         0x00000000        0x8 obj\pbcc1sc1_cfg.o
 .group         0x00000000        0x8 obj\pbcc1sc1_cfg.o
 .group         0x00000000        0x8 obj\pbcc1sc1_cfg.o
 .group         0x00000000        0x8 obj\pbcc1sc1_cfg.o
 .group         0x00000000        0x8 obj\pbcc1sc1_cfg.o
 .group         0x00000000        0x8 obj\pbcc1sc1_cfg.o
 .group         0x00000000        0x8 obj\pbcc1sc1_cfg.o
 .group         0x00000000        0x8 obj\pbcc1sc1_cfg.o
 .group         0x00000000        0x8 obj\pbcc1sc1_cfg.o
 .group         0x00000000        0x8 obj\pbcc1sc1_cfg.o
 .group         0x00000000        0x8 obj\pbcc1sc1_cfg.o
 .group         0x00000000        0x8 obj\pbcc1sc1_cfg.o
 .group         0x00000000        0x8 obj\pbcc1sc1_cfg.o
 .group         0x00000000        0x8 obj\pbcc1sc1_cfg.o
 .group         0x00000000        0x8 obj\pbcc1sc1_cfg.o
 .group         0x00000000        0x8 obj\pbcc1sc1_cfg.o
 .group         0x00000000        0x8 obj\pbcc1sc1_cfg.o
 .group         0x00000000        0x8 obj\pbcc1sc1_cfg.o
 .group         0x00000000        0x8 obj\pbcc1sc1_cfg.o
 .group         0x00000000        0x8 obj\pbcc1sc1_cfg.o
 .group         0x00000000        0x8 obj\pbcc1sc1_cfg.o
 .group         0x00000000        0x8 obj\pbcc1sc1_cfg.o
 .group         0x00000000        0x8 obj\pbcc1sc1_cfg.o
 .group         0x00000000        0x8 obj\pbcc1sc1_cfg.o
 .group         0x00000000        0x8 obj\pbcc1sc1_cfg.o
 .group         0x00000000        0x8 obj\pbcc1sc1_cfg.o
 .group         0x00000000        0x8 obj\pbcc1sc1_cfg.o
 .group         0x00000000        0x8 obj\pbcc1sc1_cfg.o
 .group         0x00000000        0x8 obj\pbcc1sc1_cfg.o
 .group         0x00000000        0x8 obj\pbcc1sc1_cfg.o
 .group         0x00000000        0x8 obj\pbcc1sc1_cfg.o
 .group         0x00000000        0x8 obj\pbcc1sc1_cfg.o
 .group         0x00000000        0x8 obj\pbcc1sc1_cfg.o
 .group         0x00000000        0x8 obj\pbcc1sc1_cfg.o
 .group         0x00000000        0x8 obj\pbcc1sc1_cfg.o
 .group         0x00000000        0x8 obj\pbcc1sc1_cfg.o
 .group         0x00000000        0x8 obj\pbcc1sc1_cfg.o
 .group         0x00000000        0x8 obj\pbcc1sc1_cfg.o
 .group         0x00000000        0x8 obj\pbcc1sc1_cfg.o
 .group         0x00000000        0x8 obj\pbcc1sc1_cfg.o
 .group         0x00000000        0x8 obj\pbcc1sc1_cfg.o
 .group         0x00000000        0x8 obj\pbcc1sc1_cfg.o
 .group         0x00000000        0x8 obj\pbcc1sc1_cfg.o
 .group         0x00000000        0x8 obj\pbcc1sc1_cfg.o
 .group         0x00000000        0x8 obj\pbcc1sc1_cfg.o
 .group         0x00000000        0x8 obj\pbcc1sc1_cfg.o
 .group         0x00000000        0x8 obj\pbcc1sc1_cfg.o
 .group         0x00000000        0x8 obj\pbcc1sc1_cfg.o
 .group         0x00000000        0x8 obj\pbcc1sc1_cfg.o
 .group         0x00000000        0x8 obj\pbcc1sc1_cfg.o
 .group         0x00000000        0x8 obj\pbcc1sc1_cfg.o
 .group         0x00000000        0x8 obj\pbcc1sc1_cfg.o
 .group         0x00000000        0x8 obj\pbcc1sc1_cfg.o
 .group         0x00000000        0x8 obj\pbcc1.o
 .group         0x00000000        0x8 obj\pbcc1.o
 .group         0x00000000        0x8 obj\pbcc1.o
 .group         0x00000000        0x8 obj\pbcc1.o
 .group         0x00000000        0x8 obj\pbcc1.o
 .group         0x00000000        0x8 obj\pbcc1.o
 .group         0x00000000        0x8 obj\pbcc1.o
 .group         0x00000000        0x8 obj\pbcc1.o
 .group         0x00000000        0x8 obj\pbcc1.o
 .group         0x00000000        0x8 obj\pbcc1.o
 .group         0x00000000        0x8 obj\pbcc1.o
 .group         0x00000000        0x8 obj\pbcc1.o
 .group         0x00000000        0x8 obj\pbcc1.o
 .group         0x00000000        0x8 obj\pbcc1.o
 .group         0x00000000        0x8 obj\pbcc1.o
 .group         0x00000000        0x8 obj\pbcc1.o
 .group         0x00000000        0x8 obj\pbcc1.o
 .group         0x00000000        0x8 obj\pbcc1.o
 .group         0x00000000        0x8 obj\pbcc1.o
 .group         0x00000000        0x8 obj\pbcc1.o
 .group         0x00000000        0x8 obj\pbcc1.o
 .group         0x00000000        0x8 obj\pbcc1.o
 .group         0x00000000        0x8 obj\pbcc1.o
 .group         0x00000000        0x8 obj\pbcc1.o
 .group         0x00000000        0x8 obj\pbcc1.o
[...]
Memory Configuration

Name             Origin             Length             Attributes
OsInternalRAM    0x1fffc000         0x00007000         xrw
*default*        0x00000000         0xffffffff

Linker script and memory map


.all            0x1fffc000     0x3f80
 *(.vector)
 .vector        0x1fffc000      0x2c0 obj\vector_gcc.o
                0x1fffc000                VTABLE
 *(.startup)
 .startup       0x1fffc2c0       0x90 obj\startup_gcc.o
                0x1fffc2c0                Reset_Handler
 *(.systeminit)
 .systeminit    0x1fffc350      0x300 obj\SystemInit.o
                0x1fffc350                SystemInit
                0x1fffc508                SetPLL
                0x1fffc50c                SetBenchmarkPLL
 *(.text.startup)
                0x1fffc660                . = ALIGN (0x20)
 *fill*         0x1fffc650       0x10 
 *(.osbegincode)
 *(.ostext)
 *(.oshook)
 *(.osrodata)
 *(.syscall)
 *(.secinfo)
 *(.rodata)
 .rodata        0x1fffc660      0x2a8 obj\pbcc1sc1_cfg.o
                0x1fffc660                OsScheduleTablesCfg
                0x1fffc6c4                OsCountersCfg
                0x1fffc6d4                OsAlarmsCfg
                0x1fffc6f8                OsIsr
                0x1fffc840                OsIsrCfg
                0x1fffc870                OsTaskCfgTable
 *(.ossrodata)
 *(.sapp_c32)
 *(.sapp_c16)
 *(.sapp_cU)
 *(.sapp_c8)
 *(.text)
 .text          0x1fffc908        0x0 obj\pbcc1sc1_cfg.o
 .text          0x1fffc908      0x604 obj\pbcc1.o
                0x1fffc908                SystemTimerISR
                0x1fffc994                EnableCache
                0x1fffc998                main
                0x1fffca10                IniSecondTimer
                0x1fffca40                FuncTASK_BGND
                0x1fffcbe8                OS_isr_OneTaskISR
                0x1fffcc3c                FuncTASK_1
                0x1fffcc84                FuncTASK_2
                0x1fffccb0                OS_isr_SecondTimerISR
                0x1fffcd44                FuncTASK_ALM
                0x1fffcd70                FuncTASK_h1
                0x1fffcd9c                FuncTASK_h2
                0x1fffcda4                FuncTASK_h3
                0x1fffcdac                FuncTASK_h4
                0x1fffcdd8                FuncTASK_h5
                0x1fffcde0                FuncTASK_h6
                0x1fffcde8                FuncTASK_h7
                0x1fffcdf0                FuncTASK_h8
                0x1fffce1c                FuncTASK_t1
                0x1fffce48                FuncTASK_t2
                0x1fffce78                FuncTASK_t3
                0x1fffcea4                FuncTASK_t4
                0x1fffced0                FuncTASK_t5
                0x1fffced8                FuncTASK_t6
                0x1fffcee0                FuncTASK_t7
 .text          0x1fffcf0c        0x0 obj\SystemInit.o
 .text          0x1fffcf0c        0x0 obj\Os_ioc.o
 .text          0x1fffcf0c      0x4cc obj\Os_schedule_table.o
                0x1fffcf28                OSInitScheduleTables
                0x1fffcf68                OSProcessScheduleTable
                0x1fffd030                OS_StartScheduleTableAbs
                0x1fffd114                OS_StartScheduleTableRel
                0x1fffd228                OS_StopScheduleTable
                0x1fffd2fc                OS_NextScheduleTable
                0x1fffd3b0                OS_StartScheduleTableSynchron
                0x1fffd3b4                OS_SyncScheduleTable
                0x1fffd3b8                OS_SetScheduleTableAsync
                0x1fffd3bc                OS_GetScheduleTableStatus
 .text          0x1fffd3d8        0x0 obj\Os_event.o
 .text          0x1fffd3d8      0x2cc obj\Os_counter.o
                0x1fffd3d8                OSInitCounters
                0x1fffd3ec                OSSysTimerCancel
                0x1fffd404                OSSysTimerArm
                0x1fffd438                OSISRSystemTimer
                0x1fffd494                OSStopTimers
                0x1fffd4bc                OSStartTimers
                0x1fffd4e0                OSInitSystemTimer
                0x1fffd518                OS_InitCounter
                0x1fffd548                OS_GetCounterValue
                0x1fffd590                OS_GetElapsedValue
                0x1fffd5f8                OS_IncrementCounter
                0x1fffd68c                OS_GetCounterInfo
 .text          0x1fffd6a4        0x0 obj\Os_orti.o
 .text          0x1fffd6a4      0x1e8 obj\Os_task.o
                0x1fffd6a4                OS_ActivateTask
                0x1fffd738                OS_TerminateTask
                0x1fffd74c                OS_ChainTask
                0x1fffd7ac                OS_GetTaskID
                0x1fffd7c0                OS_GetTaskState
                0x1fffd818                OSInitTasks
 .text          0x1fffd88c        0x0 obj\Os_tp.o
 .text          0x1fffd88c      0x134 obj\Os_scheduler.o
                0x1fffd88c                OSTaskInternalDispatch
                0x1fffd8e8                OSTaskForceDispatch
                0x1fffd930                OSTaskTerminateDispatch
                0x1fffd980                OS_Schedule
 .text          0x1fffd9c0      0x140 obj\Os_platform_interrupt.o
                0x1fffd9c0                OSPlatformIntcInit
                0x1fffda94                OSPlatformIntcShutdown
 .text          0x1fffdb00      0x18c obj\Os_hw_core.o
                0x1fffdb00                OSInterruptDispatcher
                0x1fffdb2c                OSPendSVException
                0x1fffdb54                OSSetJmp
                0x1fffdb80                OSLongJmp
                0x1fffdbac                OSNmiException
                0x1fffdbb8                OSHardFaultException
                0x1fffdbc4                OSBusFaultException
                0x1fffdbf0                OSUsageFaultException
                0x1fffdbfc                OSSVCallException
                0x1fffdc08                OSDebugMonitorException
                0x1fffdc14                OSReservedException
                0x1fffdc20                OSArmDeactivateIsr
 .text          0x1fffdc8c        0x0 obj\Os_error.o
 .text          0x1fffdc8c        0x0 obj\Os_resource.o
 .text          0x1fffdc8c      0x3a4 obj\Os_isr.o
                0x1fffdc8c                OS_DisableAllInterrupts
                0x1fffdca4                OS_EnableAllInterrupts
                0x1fffdcb8                OS_SuspendAllInterrupts
                0x1fffdcdc                OS_ResumeAllInterrupts
                0x1fffdcfc                OS_SuspendOSInterrupts
                0x1fffdd28                OS_ResumeOSInterrupts
                0x1fffdd58                OS_GetISRID
                0x1fffdd7c                OS_DisableInterruptSource
                0x1fffddd4                OS_EnableInterruptSource
                0x1fffde6c                OSISRException
                0x1fffde78                OSInitializeISR
                0x1fffdec0                OSInterruptDispatcher1
 .text          0x1fffe030        0x0 obj\Os_stack.o
 .text          0x1fffe030      0x6bc obj\Os_alarm.o
                0x1fffe030                OSNotifyAlarmAction
                0x1fffe068                OSCounterNotify
                0x1fffe16c                OSKillAlarm
                0x1fffe220                OSCheckAlarms
                0x1fffe2c8                OSInsertAlarm
                0x1fffe360                OSInitAlarms
                0x1fffe3a4                OS_GetAlarmBase
                0x1fffe3c8                OS_GetAlarm
                0x1fffe468                OS_SetRelAlarm
                0x1fffe57c                OS_SetAbsAlarm
                0x1fffe658                OS_CancelAlarm
 .text          0x1fffe6ec       0x84 obj\Os_setup.o
                0x1fffe6ec                StartOS
                0x1fffe750                OSShutdownOS
                0x1fffe764                OS_ShutdownOS
                0x1fffe76c                OS_GetActiveApplicationMode
 .text          0x1fffe770        0xc obj\Os_mem.o
                0x1fffe770                OSExceptionError
 .text          0x1fffe77c        0x0 obj\Os_multicore.o
 .text          0x1fffe77c        0x0 obj\Os_application.o
 .text          0x1fffe77c       0x10 obj\memset.o
                0x1fffe77c                memset
 .text          0x1fffe78c       0x1c obj\memcpy.o
                0x1fffe78c                memcpy
 .text          0x1fffe7a8       0x44 obj\strcmp.o
                0x1fffe7a8                strcmp
 .text          0x1fffe7ec        0x0 obj\vector_gcc.o
 .text          0x1fffe7ec        0x0 obj\startup_gcc.o
 *(.appcode)
 *(.ROM.data)
 *(.osendcode)
                0x1fffe800                . = ALIGN (0x20)
 *fill*         0x1fffe7ec       0x14 
 *(.osstack)
 *(.data)
 .data          0x1fffe800        0x0 obj\pbcc1sc1_cfg.o
 .data          0x1fffe800        0x0 obj\pbcc1.o
 .data          0x1fffe800        0x4 obj\SystemInit.o
                0x1fffe800                SCB
 .data          0x1fffe804        0x0 obj\Os_ioc.o
 .data          0x1fffe804        0x0 obj\Os_schedule_table.o
 .data          0x1fffe804        0x0 obj\Os_event.o
 .data          0x1fffe804        0x0 obj\Os_counter.o
 .data          0x1fffe804        0x0 obj\Os_orti.o
 .data          0x1fffe804        0x0 obj\Os_task.o
 .data          0x1fffe804        0x0 obj\Os_tp.o
 .data          0x1fffe804        0x0 obj\Os_scheduler.o
 .data          0x1fffe804        0x0 obj\Os_platform_interrupt.o
 .data          0x1fffe804        0x0 obj\Os_hw_core.o
 .data          0x1fffe804        0x0 obj\Os_error.o
 .data          0x1fffe804        0x0 obj\Os_resource.o
 .data          0x1fffe804        0x0 obj\Os_isr.o
 .data          0x1fffe804        0x0 obj\Os_stack.o
 .data          0x1fffe804        0x0 obj\Os_alarm.o
 .data          0x1fffe804        0x0 obj\Os_setup.o
 .data          0x1fffe804        0x0 obj\Os_mem.o
 .data          0x1fffe804        0x0 obj\Os_multicore.o
 .data          0x1fffe804        0x0 obj\Os_application.o
 .data          0x1fffe804        0x0 obj\memset.o
 .data          0x1fffe804        0x0 obj\memcpy.o
 .data          0x1fffe804        0x0 obj\strcmp.o
 .data          0x1fffe804        0x0 obj\vector_gcc.o
 .data          0x1fffe804        0x0 obj\startup_gcc.o
 *(.osdata)
                0x1fffe808                . = ALIGN (0x8)
 *fill*         0x1fffe804        0x4 
 *(.sapp_v32_data)
 *(.sapp_v16_data)
 *(.sapp_vU_data)
 *(.sapp_v8_data)
                0x1fffe808                _bss_start = .
 *(.sbss)
                0x1fffec00                . = ALIGN (0x400)
 *fill*         0x1fffe808      0x3f8 
 *(.ossbss)
                0x1fffec00                . = ALIGN (0x400)
 *(.ossbss_copy)
                0x1fffec00                . = ALIGN (0x400)
 *(.sapp_v32_bss)
 *(.sapp_v16_bss)
 *(.sapp_vU_bss)
 *(.sapp_v8_bss)
                0x1fffec00                . = ALIGN (0x400)
 *(.osbss)
 *(.bss)
 .bss           0x1fffec00        0x0 obj\pbcc1sc1_cfg.o
 .bss           0x1fffec00       0x64 obj\pbcc1.o
                0x1fffec00                inTime
                0x1fffec04                pfm1
                0x1fffec08                systemTimerIsrTime
                0x1fffec0c                returnToBackGroundTask
                0x1fffec10                secondTimerIsrTime
                0x1fffec14                activateTaskA1ViaAlarm
                0x1fffec18                interruptLatency
                0x1fffec1c                activateTask1FromIsr
                0x1fffec20                fromIsrToTask1
                0x1fffec24                fromTeriminateToTask1
                0x1fffec28                fromActivateToTask2
                0x1fffec2c                fromSecondTimerIsrToTaskA1
                0x1fffec30                fromLeaveIsrToTaskH1
                0x1fffec34                fromTaskH1ToTaskH4
                0x1fffec38                fromTaskH4ToTaskH8
                0x1fffec3c                fromIsrToTaskT1
                0x1fffec40                expired4Alarms
                0x1fffec44                fromIsrToTaskT2
                0x1fffec48                expired1Alarm
                0x1fffec4c                activated1Task
                0x1fffec50                fromIsrToTaskT3
                0x1fffec54                expired8Alarms
                0x1fffec58                fromTaskT7ToTaskT4
                0x1fffec5c                activated4Tasks
                0x1fffec60                fromIsrToTaskT7
 .bss           0x1fffec64        0x0 obj\SystemInit.o
 .bss           0x1fffec64        0x0 obj\Os_ioc.o
 .bss           0x1fffec64       0x18 obj\Os_schedule_table.o
                0x1fffec64                OsScheduleTables
 .bss           0x1fffec7c        0x0 obj\Os_event.o
 .bss           0x1fffec7c       0x10 obj\Os_counter.o
                0x1fffec7c                OsCounters
 .bss           0x1fffec8c        0x0 obj\Os_orti.o
 .bss           0x1fffec8c      0x144 obj\Os_task.o
                0x1fffec8c                OsTaskTable
                0x1fffedcc                OsRunning_
 .bss           0x1fffedd0        0x0 obj\Os_tp.o
 .bss           0x1fffedd0        0x8 obj\Os_scheduler.o
                0x1fffedd0                OS_TaskListHead_
                0x1fffedd4                OsSchedulerVector1_
 .bss           0x1fffedd8       0x84 obj\Os_platform_interrupt.o
                0x1fffedd8                Os_ArmNvicNestingLevel_
                0x1fffeddc                Os_ArmSavedIRQCtx_
 .bss           0x1fffee5c        0x0 obj\Os_hw_core.o
 .bss           0x1fffee5c        0x0 obj\Os_error.o
 .bss           0x1fffee5c        0x0 obj\Os_resource.o
 .bss           0x1fffee5c       0x58 obj\Os_isr.o
                0x1fffee5c                OsOldMsr_
                0x1fffee60                OsSuspendLevelAll_
                0x1fffee64                OsOldIntMaskAll_
                0x1fffee68                OsSuspendLevel_
                0x1fffee6c                OsOldInterruptMask_
                0x1fffee70                OsIsrLevel_
                0x1fffee74                OsIsrArray
                0x1fffee80                OsIsrTable
                0x1fffeeb0                OsInitialMSR_
 .bss           0x1fffeeb4        0x0 obj\Os_stack.o
 .bss           0x1fffeeb4       0xcc obj\Os_alarm.o
                0x1fffeeb4                OsTimVal_
                0x1fffeeb8                OsAllAlarms
 .bss           0x1fffef80        0x0 obj\Os_setup.o
 .bss           0x1fffef80        0x0 obj\Os_mem.o
 .bss           0x1fffef80        0x0 obj\Os_multicore.o
 .bss           0x1fffef80        0x0 obj\Os_application.o
 .bss           0x1fffef80        0x0 obj\memset.o
 .bss           0x1fffef80        0x0 obj\memcpy.o
 .bss           0x1fffef80        0x0 obj\strcmp.o
 .bss           0x1fffef80        0x0 obj\vector_gcc.o
 .bss           0x1fffef80        0x0 obj\startup_gcc.o
                0x1fffef80                _bss_end = .
                0x1fffef80                . = ALIGN (0x10)
                0x1fffef80                _Stack_end = .
                0x1fffef80                OS_MAIN_STACK_MIN = .
 *(.stack_main)
 .stack_main    0x1fffef80     0x1000 obj\startup_gcc.o
                0x1fffff80                _Stack_start = .
                0x1fffff80                OS_MAIN_STACK_MAX = .
LOAD obj\pbcc1sc1_cfg.o
LOAD obj\pbcc1.o
LOAD obj\SystemInit.o
LOAD obj\Os_ioc.o
LOAD obj\Os_schedule_table.o
LOAD obj\Os_event.o
LOAD obj\Os_counter.o
LOAD obj\Os_orti.o
LOAD obj\Os_task.o
LOAD obj\Os_tp.o
LOAD obj\Os_scheduler.o
LOAD obj\Os_platform_interrupt.o
LOAD obj\Os_hw_core.o
LOAD obj\Os_error.o
LOAD obj\Os_resource.o
LOAD obj\Os_isr.o
LOAD obj\Os_stack.o
LOAD obj\Os_alarm.o
LOAD obj\Os_setup.o
LOAD obj\Os_mem.o
LOAD obj\Os_multicore.o
LOAD obj\Os_application.o
LOAD obj\memset.o
LOAD obj\memcpy.o
LOAD obj\strcmp.o
LOAD obj\vector_gcc.o
LOAD obj\startup_gcc.o
OUTPUT(bin\pbcc1sc1_gc.elf elf32-littlearm)

.glue_7         0x1fffff80        0x0
 .glue_7        0x00000000        0x0 linker stubs

.glue_7t        0x1fffff80        0x0
 .glue_7t       0x00000000        0x0 linker stubs

.vfp11_veneer   0x1fffff80        0x0
 .vfp11_veneer  0x00000000        0x0 linker stubs

.v4_bx          0x1fffff80        0x0
 .v4_bx         0x00000000        0x0 linker stubs

.iplt           0x1fffff80        0x0
 .iplt          0x00000000        0x0 obj\pbcc1sc1_cfg.o

.igot.plt       0x1fffff80        0x0
 .igot.plt      0x00000000        0x0 obj\pbcc1sc1_cfg.o

.rel.dyn        0x1fffff80        0x0
 .rel.iplt      0x00000000        0x0 obj\pbcc1sc1_cfg.o

.debug_info     0x00000000     0x879f
 .debug_info    0x00000000      0x3e7 obj\pbcc1sc1_cfg.o
 .debug_info    0x000003e7      0xb31 obj\pbcc1.o
 .debug_info    0x00000f18      0x234 obj\SystemInit.o
 .debug_info    0x0000114c      0x324 obj\Os_ioc.o
 .debug_info    0x00001470      0xec6 obj\Os_schedule_table.o
 .debug_info    0x00002336      0x30f obj\Os_event.o
 .debug_info    0x00002645      0x8dd obj\Os_counter.o
 .debug_info    0x00002f22      0x30f obj\Os_orti.o
 .debug_info    0x00003231      0x826 obj\Os_task.o
 .debug_info    0x00003a57      0x324 obj\Os_tp.o
 .debug_info    0x00003d7b      0x6ba obj\Os_scheduler.o
 .debug_info    0x00004435      0x496 obj\Os_platform_interrupt.o
 .debug_info    0x000048cb      0x56c obj\Os_hw_core.o
 .debug_info    0x00004e37      0x30f obj\Os_error.o
 .debug_info    0x00005146      0x30f obj\Os_resource.o
 .debug_info    0x00005455      0xe64 obj\Os_isr.o
 .debug_info    0x000062b9      0x30f obj\Os_stack.o
 .debug_info    0x000065c8      0xfc0 obj\Os_alarm.o
 .debug_info    0x00007588      0x58c obj\Os_setup.o
 .debug_info    0x00007b14      0x3d4 obj\Os_mem.o
 .debug_info    0x00007ee8      0x30f obj\Os_multicore.o
 .debug_info    0x000081f7      0x324 obj\Os_application.o
 .debug_info    0x0000851b       0xe6 obj\memset.o
 .debug_info    0x00008601       0xf6 obj\memcpy.o
 .debug_info    0x000086f7       0xa8 obj\strcmp.o

.debug_abbrev   0x00000000     0x2262
 .debug_abbrev  0x00000000       0xc4 obj\pbcc1sc1_cfg.o
 .debug_abbrev  0x000000c4      0x212 obj\pbcc1.o
 .debug_abbrev  0x000002d6      0x100 obj\SystemInit.o
 .debug_abbrev  0x000003d6       0xb1 obj\Os_ioc.o
 .debug_abbrev  0x00000487      0x2a2 obj\Os_schedule_table.o
 .debug_abbrev  0x00000729       0xb1 obj\Os_event.o
 .debug_abbrev  0x000007da      0x2b3 obj\Os_counter.o
 .debug_abbrev  0x00000a8d       0xb1 obj\Os_orti.o
 .debug_abbrev  0x00000b3e      0x28b obj\Os_task.o
 .debug_abbrev  0x00000dc9       0xb1 obj\Os_tp.o
 .debug_abbrev  0x00000e7a      0x29e obj\Os_scheduler.o
 .debug_abbrev  0x00001118      0x140 obj\Os_platform_interrupt.o
 .debug_abbrev  0x00001258      0x17d obj\Os_hw_core.o
 .debug_abbrev  0x000013d5       0xb1 obj\Os_error.o
 .debug_abbrev  0x00001486       0xb1 obj\Os_resource.o
 .debug_abbrev  0x00001537      0x343 obj\Os_isr.o
 .debug_abbrev  0x0000187a       0xb1 obj\Os_stack.o
 .debug_abbrev  0x0000192b      0x312 obj\Os_alarm.o
 .debug_abbrev  0x00001c3d      0x1d9 obj\Os_setup.o
 .debug_abbrev  0x00001e16      0x15b obj\Os_mem.o
 .debug_abbrev  0x00001f71       0xb1 obj\Os_multicore.o
 .debug_abbrev  0x00002022       0xb1 obj\Os_application.o
 .debug_abbrev  0x000020d3       0x91 obj\memset.o
 .debug_abbrev  0x00002164       0x87 obj\memcpy.o
 .debug_abbrev  0x000021eb       0x77 obj\strcmp.o

.debug_aranges  0x00000000      0x2e0
 .debug_aranges
                0x00000000       0x18 obj\pbcc1sc1_cfg.o
 .debug_aranges
                0x00000018       0x20 obj\pbcc1.o
 .debug_aranges
                0x00000038       0x30 obj\SystemInit.o
 .debug_aranges
                0x00000068       0x18 obj\Os_ioc.o
 .debug_aranges
                0x00000080       0x20 obj\Os_schedule_table.o
 .debug_aranges
                0x000000a0       0x18 obj\Os_event.o
 .debug_aranges
                0x000000b8       0x20 obj\Os_counter.o
 .debug_aranges
                0x000000d8       0x18 obj\Os_orti.o
 .debug_aranges
                0x000000f0       0x20 obj\Os_task.o
 .debug_aranges
                0x00000110       0x18 obj\Os_tp.o
 .debug_aranges
                0x00000128       0x20 obj\Os_scheduler.o
 .debug_aranges
                0x00000148       0x20 obj\Os_platform_interrupt.o
 .debug_aranges
                0x00000168       0x20 obj\Os_hw_core.o
 .debug_aranges
                0x00000188       0x18 obj\Os_error.o
 .debug_aranges
                0x000001a0       0x18 obj\Os_resource.o
 .debug_aranges
                0x000001b8       0x20 obj\Os_isr.o
 .debug_aranges
                0x000001d8       0x18 obj\Os_stack.o
 .debug_aranges
                0x000001f0       0x20 obj\Os_alarm.o
 .debug_aranges
                0x00000210       0x20 obj\Os_setup.o
 .debug_aranges
                0x00000230       0x20 obj\Os_mem.o
 .debug_aranges
                0x00000250       0x18 obj\Os_multicore.o
 .debug_aranges
                0x00000268       0x18 obj\Os_application.o
 .debug_aranges
                0x00000280       0x20 obj\memset.o
 .debug_aranges
                0x000002a0       0x20 obj\memcpy.o
 .debug_aranges
                0x000002c0       0x20 obj\strcmp.o

.debug_macro    0x00000000    0x109af
 .debug_macro   0x00000000      0x570 obj\pbcc1sc1_cfg.o
 .debug_macro   0x00000570      0x8a4 obj\pbcc1sc1_cfg.o
 .debug_macro   0x00000e14       0x40 obj\pbcc1sc1_cfg.o
 .debug_macro   0x00000e54       0x40 obj\pbcc1sc1_cfg.o
 .debug_macro   0x00000e94       0x34 obj\pbcc1sc1_cfg.o
 .debug_macro   0x00000ec8      0x267 obj\pbcc1sc1_cfg.o
 .debug_macro   0x0000112f       0x47 obj\pbcc1sc1_cfg.o
 .debug_macro   0x00001176       0x2f obj\pbcc1sc1_cfg.o
 .debug_macro   0x000011a5       0x10 obj\pbcc1sc1_cfg.o
 .debug_macro   0x000011b5       0x16 obj\pbcc1sc1_cfg.o
 .debug_macro   0x000011cb       0x17 obj\pbcc1sc1_cfg.o
 .debug_macro   0x000011e2       0x16 obj\pbcc1sc1_cfg.o
 .debug_macro   0x000011f8       0x16 obj\pbcc1sc1_cfg.o
 .debug_macro   0x0000120e       0x10 obj\pbcc1sc1_cfg.o
 .debug_macro   0x0000121e       0x28 obj\pbcc1sc1_cfg.o
 .debug_macro   0x00001246       0x22 obj\pbcc1sc1_cfg.o
 .debug_macro   0x00001268       0x10 obj\pbcc1sc1_cfg.o
 .debug_macro   0x00001278       0x22 obj\pbcc1sc1_cfg.o
 .debug_macro   0x0000129a       0x10 obj\pbcc1sc1_cfg.o
 .debug_macro   0x000012aa       0x2e obj\pbcc1sc1_cfg.o
 .debug_macro   0x000012d8       0x1c obj\pbcc1sc1_cfg.o
 .debug_macro   0x000012f4       0x28 obj\pbcc1sc1_cfg.o
 .debug_macro   0x0000131c       0x10 obj\pbcc1sc1_cfg.o
 .debug_macro   0x0000132c       0x5e obj\pbcc1sc1_cfg.o
 .debug_macro   0x0000138a       0x10 obj\pbcc1sc1_cfg.o
 .debug_macro   0x0000139a       0x3a obj\pbcc1sc1_cfg.o
 .debug_macro   0x000013d4       0x10 obj\pbcc1sc1_cfg.o
 .debug_macro   0x000013e4       0x16 obj\pbcc1sc1_cfg.o
 .debug_macro   0x000013fa       0x18 obj\pbcc1sc1_cfg.o
 .debug_macro   0x00001412       0xb2 obj\pbcc1sc1_cfg.o
 .debug_macro   0x000014c4       0x10 obj\pbcc1sc1_cfg.o
 .debug_macro   0x000014d4       0x10 obj\pbcc1sc1_cfg.o
 .debug_macro   0x000014e4       0x10 obj\pbcc1sc1_cfg.o
 .debug_macro   0x000014f4       0x16 obj\pbcc1sc1_cfg.o
 .debug_macro   0x0000150a       0x43 obj\pbcc1sc1_cfg.o
 .debug_macro   0x0000154d       0x64 obj\pbcc1sc1_cfg.o
 .debug_macro   0x000015b1       0x10 obj\pbcc1sc1_cfg.o
 .debug_macro   0x000015c1       0x10 obj\pbcc1sc1_cfg.o
 .debug_macro   0x000015d1       0x10 obj\pbcc1sc1_cfg.o
 .debug_macro   0x000015e1       0x16 obj\pbcc1sc1_cfg.o
 .debug_macro   0x000015f7       0x16 obj\pbcc1sc1_cfg.o
 .debug_macro   0x0000160d       0x3a obj\pbcc1sc1_cfg.o
 .debug_macro   0x00001647       0x28 obj\pbcc1sc1_cfg.o
 .debug_macro   0x0000166f       0x10 obj\pbcc1sc1_cfg.o
 .debug_macro   0x0000167f      0x348 obj\pbcc1sc1_cfg.o
 .debug_macro   0x000019c7       0x10 obj\pbcc1sc1_cfg.o
 .debug_macro   0x000019d7       0x10 obj\pbcc1sc1_cfg.o
 .debug_macro   0x000019e7       0x18 obj\pbcc1sc1_cfg.o
 .debug_macro   0x000019ff      0x150 obj\pbcc1sc1_cfg.o
 .debug_macro   0x00001b4f       0x18 obj\pbcc1sc1_cfg.o
 .debug_macro   0x00001b67       0x10 obj\pbcc1sc1_cfg.o
 .debug_macro   0x00001b77       0x22 obj\pbcc1sc1_cfg.o
 .debug_macro   0x00001b99       0x1c obj\pbcc1sc1_cfg.o
 .debug_macro   0x00001bb5       0x10 obj\pbcc1sc1_cfg.o
 .debug_macro   0x00001bc5       0x16 obj\pbcc1sc1_cfg.o
 .debug_macro   0x00001bdb       0x16 obj\pbcc1sc1_cfg.o
 .debug_macro   0x00001bf1       0x16 obj\pbcc1sc1_cfg.o
 .debug_macro   0x00001c07       0x11 obj\pbcc1sc1_cfg.o
 .debug_macro   0x00001c18       0x10 obj\pbcc1sc1_cfg.o
 .debug_macro   0x00001c28       0x16 obj\pbcc1sc1_cfg.o
 .debug_macro   0x00001c3e       0x16 obj\pbcc1sc1_cfg.o
 .debug_macro   0x00001c54       0x43 obj\pbcc1sc1_cfg.o
 .debug_macro   0x00001c97       0x16 obj\pbcc1sc1_cfg.o
 .debug_macro   0x00001cad       0x2e obj\pbcc1sc1_cfg.o
 .debug_macro   0x00001cdb       0x18 obj\pbcc1sc1_cfg.o
 .debug_macro   0x00001cf3       0x28 obj\pbcc1sc1_cfg.o
 .debug_macro   0x00001d1b      0xc24 obj\pbcc1.o
 .debug_macro   0x0000293f       0x1c obj\pbcc1.o
 .debug_macro   0x0000295b       0x16 obj\pbcc1.o
 .debug_macro   0x00002971       0x16 obj\pbcc1.o
 .debug_macro   0x00002987       0x46 obj\pbcc1.o
 .debug_macro   0x000029cd       0x10 obj\pbcc1.o
 .debug_macro   0x000029dd       0x23 obj\pbcc1.o
 .debug_macro   0x00002a00       0x2e obj\pbcc1.o
 .debug_macro   0x00002a2e       0x10 obj\pbcc1.o
 .debug_macro   0x00002a3e       0x29 obj\pbcc1.o
 .debug_macro   0x00002a67       0x10 obj\pbcc1.o
 .debug_macro   0x00002a77       0x3b obj\pbcc1.o
 .debug_macro   0x00002ab2       0x10 obj\pbcc1.o
 .debug_macro   0x00002ac2      0x10e obj\pbcc1.o
 .debug_macro   0x00002bd0       0x3c obj\pbcc1.o
 .debug_macro   0x00002c0c       0xb2 obj\pbcc1.o
 .debug_macro   0x00002cbe       0x16 obj\pbcc1.o
 .debug_macro   0x00002cd4       0x20 obj\pbcc1.o
 .debug_macro   0x00002cf4       0x10 obj\pbcc1.o
 .debug_macro   0x00002d04       0x10 obj\pbcc1.o
 .debug_macro   0x00002d14       0x10 obj\pbcc1.o
 .debug_macro   0x00002d24       0x26 obj\pbcc1.o
 .debug_macro   0x00002d4a       0x55 obj\pbcc1.o
 .debug_macro   0x00002d9f       0x10 obj\pbcc1.o
 .debug_macro   0x00002daf       0x2f obj\pbcc1.o
 .debug_macro   0x00002dde       0x16 obj\pbcc1.o
 .debug_macro   0x00002df4       0x1c obj\pbcc1.o
 .debug_macro   0x00002e10       0x16 obj\pbcc1.o
 .debug_macro   0x00002e26       0x22 obj\pbcc1.o
 .debug_macro   0x00002e48       0x12 obj\pbcc1.o
 .debug_macro   0x00002e5a       0x1c obj\pbcc1.o
 .debug_macro   0x00002e76       0x10 obj\pbcc1.o
 .debug_macro   0x00002e86       0x34 obj\pbcc1.o
 .debug_macro   0x00002eba       0x20 obj\pbcc1.o
 .debug_macro   0x00002eda       0x19 obj\pbcc1.o
 .debug_macro   0x00002ef3      0x107 obj\pbcc1.o
 .debug_macro   0x00002ffa       0x20 obj\pbcc1.o
 .debug_macro   0x0000301a       0x10 obj\pbcc1.o
 .debug_macro   0x0000302a       0x16 obj\pbcc1.o
 .debug_macro   0x00003040       0x10 obj\pbcc1.o
 .debug_macro   0x00003050       0x22 obj\pbcc1.o
 .debug_macro   0x00003072       0x2e obj\pbcc1.o
 .debug_macro   0x000030a0       0x10 obj\pbcc1.o
 .debug_macro   0x000030b0       0x11 obj\pbcc1.o
 .debug_macro   0x000030c1       0x16 obj\pbcc1.o
 .debug_macro   0x000030d7       0xcf obj\pbcc1.o
 .debug_macro   0x000031a6       0x16 obj\pbcc1.o
 .debug_macro   0x000031bc       0x10 obj\pbcc1.o
 .debug_macro   0x000031cc       0x10 obj\pbcc1.o
 .debug_macro   0x000031dc       0x2e obj\pbcc1.o
 .debug_macro   0x0000320a       0x2b obj\pbcc1.o
 .debug_macro   0x00003235       0x10 obj\pbcc1.o
 .debug_macro   0x00003245       0x16 obj\pbcc1.o
 .debug_macro   0x0000325b       0x82 obj\pbcc1.o
 .debug_macro   0x000032dd       0x10 obj\pbcc1.o
 .debug_macro   0x000032ed       0x10 obj\pbcc1.o
 .debug_macro   0x000032fd       0x10 obj\pbcc1.o
 .debug_macro   0x0000330d       0x16 obj\pbcc1.o
 .debug_macro   0x00003323       0x16 obj\pbcc1.o
 .debug_macro   0x00003339       0x16 obj\pbcc1.o
 .debug_macro   0x0000334f       0x18 obj\pbcc1.o
 .debug_macro   0x00003367       0x16 obj\pbcc1.o
 .debug_macro   0x0000337d      0x3a1 obj\SystemInit.o
 .debug_macro   0x0000371e      0xae1 obj\Os_ioc.o
 .debug_macro   0x000041ff       0x6a obj\Os_ioc.o
 .debug_macro   0x00004269       0x16 obj\Os_ioc.o
 .debug_macro   0x0000427f       0x35 obj\Os_ioc.o
 .debug_macro   0x000042b4       0xa2 obj\Os_ioc.o
 .debug_macro   0x00004356      0x166 obj\Os_ioc.o
 .debug_macro   0x000044bc       0x4a obj\Os_ioc.o
 .debug_macro   0x00004506       0x52 obj\Os_ioc.o
 .debug_macro   0x00004558       0x16 obj\Os_ioc.o
 .debug_macro   0x0000456e       0x43 obj\Os_ioc.o
 .debug_macro   0x000045b1      0x180 obj\Os_ioc.o
 .debug_macro   0x00004731      0x29d obj\Os_ioc.o
 .debug_macro   0x000049ce       0x10 obj\Os_ioc.o
 .debug_macro   0x000049de       0x35 obj\Os_ioc.o
 .debug_macro   0x00004a13      0xa6c obj\Os_schedule_table.o
 .debug_macro   0x0000547f      0xa25 obj\Os_event.o
 .debug_macro   0x00005ea4      0xa89 obj\Os_counter.o
 .debug_macro   0x0000692d      0xa17 obj\Os_orti.o
 .debug_macro   0x00007344      0xa88 obj\Os_task.o
 .debug_macro   0x00007dcc       0x34 obj\Os_task.o
 .debug_macro   0x00007e00      0xb1c obj\Os_tp.o
 .debug_macro   0x0000891c      0xa6b obj\Os_scheduler.o
 .debug_macro   0x00009387      0xa19 obj\Os_platform_interrupt.o
 .debug_macro   0x00009da0      0xa01 obj\Os_hw_core.o
 .debug_macro   0x0000a7a1      0xa5a obj\Os_error.o
 .debug_macro   0x0000b1fb      0xa7f obj\Os_resource.o
 .debug_macro   0x0000bc7a      0xb1f obj\Os_isr.o
 .debug_macro   0x0000c799      0xa8b obj\Os_stack.o
 .debug_macro   0x0000d224       0x10 obj\Os_stack.o
 .debug_macro   0x0000d234       0x18 obj\Os_stack.o
 .debug_macro   0x0000d24c       0x18 obj\Os_stack.o
 .debug_macro   0x0000d264      0xaaf obj\Os_alarm.o
 .debug_macro   0x0000dd13       0x16 obj\Os_alarm.o
 .debug_macro   0x0000dd29      0xa61 obj\Os_setup.o
 .debug_macro   0x0000e78a       0x10 obj\Os_setup.o
 .debug_macro   0x0000e79a      0xa80 obj\Os_mem.o
 .debug_macro   0x0000f21a      0xa9e obj\Os_multicore.o
 .debug_macro   0x0000fcb8       0x10 obj\Os_multicore.o
 .debug_macro   0x0000fcc8      0xb40 obj\Os_application.o
 .debug_macro   0x00010808       0xcb obj\memset.o
 .debug_macro   0x000108d3       0xcb obj\memcpy.o
 .debug_macro   0x0001099e       0x11 obj\strcmp.o

.debug_line     0x00000000     0xcc9d
 .debug_line    0x00000000      0x581 obj\pbcc1sc1_cfg.o
 .debug_line    0x00000581      0xb1d obj\pbcc1.o
 .debug_line    0x0000109e      0x479 obj\SystemInit.o
 .debug_line    0x00001517      0xa00 obj\Os_ioc.o
 .debug_line    0x00001f17      0xaa4 obj\Os_schedule_table.o
 .debug_line    0x000029bb      0x89a obj\Os_event.o
 .debug_line    0x00003255      0x9f1 obj\Os_counter.o
 .debug_line    0x00003c46      0x874 obj\Os_orti.o
 .debug_line    0x000044ba      0x99c obj\Os_task.o
 .debug_line    0x00004e56      0xa28 obj\Os_tp.o
 .debug_line    0x0000587e      0x961 obj\Os_scheduler.o
 .debug_line    0x000061df      0x92a obj\Os_platform_interrupt.o
 .debug_line    0x00006b09      0x8c5 obj\Os_hw_core.o
 .debug_line    0x000073ce      0x888 obj\Os_error.o
 .debug_line    0x00007c56      0x8a0 obj\Os_resource.o
 .debug_line    0x000084f6      0xac3 obj\Os_isr.o
 .debug_line    0x00008fb9      0x8aa obj\Os_stack.o
 .debug_line    0x00009863      0xb39 obj\Os_alarm.o
 .debug_line    0x0000a39c      0x916 obj\Os_setup.o
 .debug_line    0x0000acb2      0x8ba obj\Os_mem.o
 .debug_line    0x0000b56c      0x913 obj\Os_multicore.o
 .debug_line    0x0000be7f      0xa10 obj\Os_application.o
 .debug_line    0x0000c88f      0x1ca obj\memset.o
 .debug_line    0x0000ca59      0x1c8 obj\memcpy.o
 .debug_line    0x0000cc21       0x7c obj\strcmp.o

.debug_str      0x00000000     0xe9b7
 .debug_str     0x00000000     0x71b4 obj\pbcc1sc1_cfg.o
                               0x726d (size before relaxing)
 .debug_str     0x000071b4     0x3c5f obj\pbcc1.o
                               0xadeb (size before relaxing)
 .debug_str     0x0000ae13      0x5c6 obj\SystemInit.o
                               0x6fd8 (size before relaxing)
 .debug_str     0x0000b3d9     0x2635 obj\Os_ioc.o
                               0x9f5e (size before relaxing)
 .debug_str     0x0000da0e      0x38b obj\Os_schedule_table.o
                               0x80b8 (size before relaxing)
 .debug_str     0x0000dd99       0x20 obj\Os_event.o
                               0x78b0 (size before relaxing)
 .debug_str     0x0000ddb9      0x17d obj\Os_counter.o
                               0x7c7e (size before relaxing)
 .debug_str     0x0000df36       0x1f obj\Os_orti.o
                               0x77c4 (size before relaxing)
 .debug_str     0x0000df55       0xef obj\Os_task.o
                               0x7c2d (size before relaxing)
 .debug_str     0x0000e044       0x1d obj\Os_tp.o
                               0xa4f1 (size before relaxing)
 .debug_str     0x0000e061       0xf1 obj\Os_scheduler.o
                               0x7a23 (size before relaxing)
 .debug_str     0x0000e152       0x6a obj\Os_platform_interrupt.o
                               0x78d6 (size before relaxing)
 .debug_str     0x0000e1bc      0x160 obj\Os_hw_core.o
                               0x7951 (size before relaxing)
 .debug_str     0x0000e31c       0x20 obj\Os_error.o
                               0x78a0 (size before relaxing)
 .debug_str     0x0000e33c       0x23 obj\Os_resource.o
                               0x78b6 (size before relaxing)
 .debug_str     0x0000e35f      0x261 obj\Os_isr.o
                               0x807e (size before relaxing)
 .debug_str     0x0000e5c0       0xa8 obj\Os_stack.o
                               0x7af5 (size before relaxing)
 .debug_str     0x0000e668      0x120 obj\Os_alarm.o
                               0x7d55 (size before relaxing)
 .debug_str     0x0000e788       0x7e obj\Os_setup.o
                               0x7ac7 (size before relaxing)
 .debug_str     0x0000e806       0x4f obj\Os_mem.o
                               0x7c86 (size before relaxing)
 .debug_str     0x0000e855       0xa3 obj\Os_multicore.o
                               0x7923 (size before relaxing)
 .debug_str     0x0000e8f8       0x35 obj\Os_application.o
                               0xa17b (size before relaxing)
 .debug_str     0x0000e92d       0x2e obj\memset.o
                               0x4c79 (size before relaxing)
 .debug_str     0x0000e95b       0x2e obj\memcpy.o
                               0x4c79 (size before relaxing)
 .debug_str     0x0000e989       0x2e obj\strcmp.o
                               0x2553 (size before relaxing)

.comment        0x00000000       0x3a
 .comment       0x00000000       0x3a obj\pbcc1sc1_cfg.o
                                 0x3b (size before relaxing)
 .comment       0x00000000       0x3b obj\pbcc1.o
 .comment       0x00000000       0x3b obj\SystemInit.o
 .comment       0x00000000       0x3b obj\Os_ioc.o
 .comment       0x00000000       0x3b obj\Os_schedule_table.o
 .comment       0x00000000       0x3b obj\Os_event.o
 .comment       0x00000000       0x3b obj\Os_counter.o
 .comment       0x00000000       0x3b obj\Os_orti.o
 .comment       0x00000000       0x3b obj\Os_task.o
 .comment       0x00000000       0x3b obj\Os_tp.o
 .comment       0x00000000       0x3b obj\Os_scheduler.o
 .comment       0x00000000       0x3b obj\Os_platform_interrupt.o
 .comment       0x00000000       0x3b obj\Os_hw_core.o
 .comment       0x00000000       0x3b obj\Os_error.o
 .comment       0x00000000       0x3b obj\Os_resource.o
 .comment       0x00000000       0x3b obj\Os_isr.o
 .comment       0x00000000       0x3b obj\Os_stack.o
 .comment       0x00000000       0x3b obj\Os_alarm.o
 .comment       0x00000000       0x3b obj\Os_setup.o
 .comment       0x00000000       0x3b obj\Os_mem.o
 .comment       0x00000000       0x3b obj\Os_multicore.o
 .comment       0x00000000       0x3b obj\Os_application.o
 .comment       0x00000000       0x3b obj\memset.o
 .comment       0x00000000       0x3b obj\memcpy.o
 .comment       0x00000000       0x3b obj\strcmp.o

.ARM.attributes
                0x00000000       0x37
 .ARM.attributes
                0x00000000       0x39 obj\pbcc1sc1_cfg.o
 .ARM.attributes
                0x00000039       0x39 obj\pbcc1.o
 .ARM.attributes
                0x00000072       0x39 obj\SystemInit.o
 .ARM.attributes
                0x000000ab       0x39 obj\Os_ioc.o
 .ARM.attributes
                0x000000e4       0x39 obj\Os_schedule_table.o
 .ARM.attributes
                0x0000011d       0x39 obj\Os_event.o
 .ARM.attributes
                0x00000156       0x39 obj\Os_counter.o
 .ARM.attributes
                0x0000018f       0x39 obj\Os_orti.o
 .ARM.attributes
                0x000001c8       0x39 obj\Os_task.o
 .ARM.attributes
                0x00000201       0x39 obj\Os_tp.o
 .ARM.attributes
                0x0000023a       0x39 obj\Os_scheduler.o
 .ARM.attributes
                0x00000273       0x39 obj\Os_platform_interrupt.o
 .ARM.attributes
                0x000002ac       0x39 obj\Os_hw_core.o
 .ARM.attributes
                0x000002e5       0x39 obj\Os_error.o
 .ARM.attributes
                0x0000031e       0x39 obj\Os_resource.o
 .ARM.attributes
                0x00000357       0x39 obj\Os_isr.o
 .ARM.attributes
                0x00000390       0x39 obj\Os_stack.o
 .ARM.attributes
                0x000003c9       0x39 obj\Os_alarm.o
 .ARM.attributes
                0x00000402       0x39 obj\Os_setup.o
 .ARM.attributes
                0x0000043b       0x39 obj\Os_mem.o
 .ARM.attributes
                0x00000474       0x39 obj\Os_multicore.o
 .ARM.attributes
                0x000004ad       0x39 obj\Os_application.o
 .ARM.attributes
                0x000004e6       0x39 obj\memset.o
 .ARM.attributes
                0x0000051f       0x39 obj\memcpy.o
 .ARM.attributes
                0x00000558       0x39 obj\strcmp.o
 .ARM.attributes
                0x00000591       0x25 obj\vector_gcc.o
 .ARM.attributes
                0x000005b6       0x25 obj\startup_gcc.o

.debug_loc      0x00000000     0x27b8
 .debug_loc     0x00000000       0x52 obj\pbcc1.o
 .debug_loc     0x00000052      0xa05 obj\Os_schedule_table.o
 .debug_loc     0x00000a57      0x40d obj\Os_counter.o
 .debug_loc     0x00000e64      0x2ef obj\Os_task.o
 .debug_loc     0x00001153      0x116 obj\Os_scheduler.o
 .debug_loc     0x00001269       0xcd obj\Os_platform_interrupt.o
 .debug_loc     0x00001336       0x55 obj\Os_hw_core.o
 .debug_loc     0x0000138b      0x630 obj\Os_isr.o
 .debug_loc     0x000019bb      0xb49 obj\Os_alarm.o
 .debug_loc     0x00002504       0x8a obj\Os_setup.o
 .debug_loc     0x0000258e       0x84 obj\Os_mem.o
 .debug_loc     0x00002612       0x53 obj\memset.o
 .debug_loc     0x00002665      0x153 obj\strcmp.o

.debug_frame    0x00000000      0xac0
 .debug_frame   0x00000000      0x260 obj\pbcc1.o
 .debug_frame   0x00000260       0x6c obj\SystemInit.o
 .debug_frame   0x000002cc      0x118 obj\Os_schedule_table.o
 .debug_frame   0x000003e4       0xf0 obj\Os_counter.o
 .debug_frame   0x000004d4       0x9c obj\Os_task.o
 .debug_frame   0x00000570       0x7c obj\Os_scheduler.o
 .debug_frame   0x000005ec       0x58 obj\Os_platform_interrupt.o
 .debug_frame   0x00000644      0x108 obj\Os_hw_core.o
 .debug_frame   0x0000074c      0x104 obj\Os_isr.o
 .debug_frame   0x00000850      0x15c obj\Os_alarm.o
 .debug_frame   0x000009ac       0x68 obj\Os_setup.o
 .debug_frame   0x00000a14       0x28 obj\Os_mem.o
 .debug_frame   0x00000a3c       0x20 obj\memset.o
 .debug_frame   0x00000a5c       0x2c obj\memcpy.o
 .debug_frame   0x00000a88       0x38 obj\strcmp.o

.debug_ranges   0x00000000       0xb0
 .debug_ranges  0x00000000       0x20 obj\SystemInit.o
 .debug_ranges  0x00000020       0x18 obj\Os_schedule_table.o
 .debug_ranges  0x00000038       0x30 obj\Os_scheduler.o
 .debug_ranges  0x00000068       0x18 obj\Os_isr.o
 .debug_ranges  0x00000080       0x30 obj\Os_alarm.o
